// Jest Snapshot v1, https://goo.gl/fbAQLP

exports[`CardRegister should match snapshot 1`] = `
<div
  class="card register-card mx-auto"
>
  <!---->
  <!---->
  <div
    class="card-body"
  >
    <h4
      class="card-title"
    >
      Daftar pengguna baru
    </h4>
    <!---->
    <form
      class=""
    >
      <div
        class="form-group"
        id="__BVID__4"
        role="group"
      >
        <label
          class="d-block"
          for="RegisterCard_name"
          id="__BVID__4__BV_label_"
        >
          Nama pengguna
        </label>
        <div>
          <input
            aria-required="true"
            class="form-control"
            id="RegisterCard_name"
            pattern="^\\\\w{1,16}$"
            placeholder="Nama pengguna"
            required="required"
            type="text"
          />
           
          <small
            class="form-text text-muted"
          >
            
        Nama pengguna hanya terdiri dari huruf, angka, dan garis bawah (_), dengan panjang
        maksimal 16 karakter.
      
          </small>
          <!---->
          <!---->
          <!---->
        </div>
      </div>
       
      <div
        class="form-group"
        id="__BVID__6"
        role="group"
      >
        <label
          class="d-block"
          for="RegisterCard_email"
          id="__BVID__6__BV_label_"
        >
          Alamat email
        </label>
        <div>
          <input
            aria-required="true"
            class="form-control"
            id="RegisterCard_email"
            placeholder="Email"
            required="required"
            type="email"
          />
           
          <small
            class="form-text text-muted"
          >
            
        
        Kami tidak menyimpan alamat email Anda dalam bentuk utuh.
      
          </small>
          <!---->
          <!---->
          <!---->
        </div>
      </div>
       
      <div
        class="form-group"
        id="__BVID__8"
        role="group"
      >
        <label
          class="d-block"
          for="RegisterCard_password"
          id="__BVID__8__BV_label_"
        >
          Kata sandi
        </label>
        <div>
          <input
            aria-required="true"
            class="form-control"
            id="RegisterCard_password"
            minlength="8"
            placeholder="Kata sandi"
            required="required"
            type="password"
          />
           
          <small
            class="form-text text-muted"
          >
            
        Panjang kata sandi minimal adalah 8 karakter.
      
          </small>
          <!---->
          <!---->
          <!---->
        </div>
      </div>
       
      <fieldset
        class="form-group"
        id="__BVID__10"
      >
        <!---->
        <div
          role="group"
          tabindex="-1"
        >
          <div />
          <!---->
          <!---->
          <!---->
        </div>
      </fieldset>
       
      <button
        class="btn btn-secondary btn-block"
        type="submit"
      >
        Daftar
      </button>
    </form>
  </div>
  <!---->
  <!---->
</div>
`;
