// Jest Snapshot v1, https://goo.gl/fbAQLP

exports[`ViewChara should match snapshot 1`] = `
<div>
  <h1>
    Data
  </h1>
   
  <h2>
    Chara id
  </h2>
   
  <p>
    <code>
      1
    </code>
  </p>
   
  <h2>
    Nama
  </h2>
   
  <p>
    <code>
      test
    </code>
  </p>
   
  <h2>
    Bio
  </h2>
   
  <pre>
    Test bio
  </pre>
   
  <!---->
   
  <!---->
   
  <!---->
</div>
`;
