// Jest Snapshot v1, https://goo.gl/fbAQLP

exports[`CardLogin should match snapshot 1`] = `
<div
  class="card login-card mx-auto"
>
  <!---->
  <!---->
  <div
    class="card-body"
  >
    <h4
      class="card-title"
    >
      Masuk
    </h4>
    <!---->
    <p>
      
    Anda dapat masuk dengan menggunakan akun Google Anda.
  
    </p>
     
    <button
      class="btn btn-google btn-block"
      type="button"
    >
      Masuk dengan Google
    </button>
     
    <div
      class="text-center py-4"
    >
      atau
    </div>
     
    <form
      class=""
    >
      <div
        class="form-group"
        id="__BVID__4"
        role="group"
      >
        <label
          class="d-block"
          for="LoginCard_name"
          id="__BVID__4__BV_label_"
        >
          Nama pengguna
        </label>
        <div>
          <input
            aria-required="true"
            class="form-control"
            id="LoginCard_name"
            pattern="^\\\\w{1,16}$"
            placeholder="Nama pengguna"
            required="required"
            type="text"
          />
          <!---->
          <!---->
          <!---->
        </div>
      </div>
       
      <div
        class="form-group"
        id="__BVID__6"
        role="group"
      >
        <label
          class="d-block"
          for="LoginCard_password"
          id="__BVID__6__BV_label_"
        >
          Kata sandi
        </label>
        <div>
          <input
            aria-required="true"
            class="form-control"
            id="LoginCard_password"
            placeholder="Kata sandi"
            required="required"
            type="password"
          />
          <!---->
          <!---->
          <!---->
        </div>
      </div>
       
      <button
        class="btn btn-secondary btn-block"
        type="submit"
      >
        Masuk
      </button>
    </form>
  </div>
  <!---->
  <!---->
</div>
`;
