// Jest Snapshot v1, https://goo.gl/fbAQLP

exports[`MainNavbar should match snapshot 1`] = `
<nav
  class="navbar navbar-dark bg-dark navbar-expand"
>
  <a
    class="navbar-brand"
    href="/"
    target="_self"
  >
    
    Prinz Eugen 
    <sup>
      alpha
    </sup>
  </a>
   
  <!---->
   
  <div
    class="ml-auto"
  >
    <ul
      class="navbar-nav"
    >
      <li
        class="nav-item"
      >
        <a
          class="nav-link"
          href="/auth/google"
          target="_self"
        >
          Masuk
        </a>
      </li>
    </ul>
  </div>
</nav>
`;
