// Jest Snapshot v1, https://goo.gl/fbAQLP

exports[`MainFooter should match snapshot 1`] = `
<div
  class="root py-4"
>
  <ul>
    <li>
      <a
        href="https://github.com/tkesgar/prinz-eugen"
        target="_blank"
      >
        prinz-eugen
      </a>
      #
      <a
        href="https://github.com/tkesgar/prinz-eugen/commit/9140f71"
        target="_blank"
      >
        9140f71
      </a>
    </li>
     
    <li>
      <a
        class=""
        href="/tos"
        target="_self"
      >
        Syarat dan Ketentuan
      </a>
    </li>
     
    <li>
      <a
        class=""
        href="/privacy"
        target="_self"
      >
        Kebijakan Privasi
      </a>
    </li>
  </ul>
   
  <div
    class="notice text-muted"
  >
    
    Aplikasi ini masih dalam tahap pengembangan. Mohon digunakan dengan bijak.
  
  </div>
</div>
`;
